[dotenv@17.2.3] injecting env (3) from .env -- tip: ≡ƒùé∩╕Å backup and recover secrets: https://dotenvx.com/ops
Server running on port 5000
node : MongoDB 
Connection Error: 
MongoParseError: 
options 
usenewurlparser, 
useunifiedtopology 
are not supported
At line:1 char:13
+ cd backend; node 
server.js > 
error_log.txt 2>&1
+             ~~~~~~~
~~~~~~~~~~~~~~~~~~~~~
~~~~~~~
    + CategoryInfo   
           : NotSpe  
  cified: (MongoDB   
  Connect...e not    
 supported:Strin    
g) [], RemoteExc    
eption
    + FullyQualified 
   ErrorId : Native  
  CommandError
 
    at parseOptions 
(C:\Users\Nandan JK\D
ownloads\project-2\ba
ckend\node_modules\mo
ngodb\lib\connection_
string.js:272:15)
    at new 
MongoClient 
(C:\Users\Nandan JK\D
ownloads\project-2\ba
ckend\node_modules\mo
ngodb\lib\mongo_clien
t.js:67:61)
    at NativeConnecti
on.createClient 
(C:\Users\Nandan JK\D
ownloads\project-2\ba
ckend\node_modules\mo
ngoose\lib\drivers\no
de-mongodb-native\con
nection.js:336:14)
    at NativeConnecti
on.openUri 
(C:\Users\Nandan JK\D
ownloads\project-2\ba
ckend\node_modules\mo
ngoose\lib\connection
.js:1075:34)
    at 
Mongoose.connect 
(C:\Users\Nandan JK\D
ownloads\project-2\ba
ckend\node_modules\mo
ngoose\lib\mongoose.j
s:451:15)
    at 
Object.<anonymous> 
(C:\Users\Nandan JK\D
ownloads\project-2\ba
ckend\server.js:27:10
)
    at 
Module._compile (node
:internal/modules/cjs
/loader:1554:14)
    at Object..js (no
de:internal/modules/c
js/loader:1706:10)
    at Module.load (n
ode:internal/modules/
cjs/loader:1289:32)
    at 
Function._load (node:
internal/modules/cjs/
loader:1108:12) {
  errorLabelSet: 
Set(0) {}
}
